<?xml version="1.0" encoding="UTF-8"?><testsuites errors="0" failures="0" skipped="0" tests="0" time="0" timestamp="0"><testsuite name="Propeller Tests" tests="1" errors="0" failures="0" skipped="0"><properties/><testcase name="http://www.apple.com/" time=""></testcase></testsuite></testsuites>